<html>
<body>
<pre>
<h1>µVision Build Log</h1>
<h2>Project:</h2>
E:\ARM\lm3s8962projects\MusicPlay\Project\Keil\MusicPlay.uvproj
Project File Date:  04/14/2013

<h2>Output:</h2>
Build target 'MusicPlay'
compiling Main.c...
..\..\Source\App\Src\Main.c(24): warning:  #223-D: function "io_init" declared implicitly
..\..\Source\App\Src\Main.c(26): warning:  #223-D: function "io_set_led" declared implicitly
..\..\Source\App\Src\Main.c(27): warning:  #223-D: function "io_set_pwm" declared implicitly
..\..\Source\App\Src\Main.c(29): warning:  #223-D: function "GPIOIntTypeSet" declared implicitly
..\..\Source\App\Src\Main.c(29): error:  #20: identifier "KEY" is undefined
..\..\Source\App\Src\Main.c(29): error:  #20: identifier "GPIO_LOW_LEVEL" is undefined
..\..\Source\App\Src\Main.c(30): warning:  #223-D: function "GPIOPinIntEnable" declared implicitly
..\..\Source\App\Src\Main.c(31): warning:  #223-D: function "IntEnable" declared implicitly
..\..\Source\App\Src\Main.c(35): warning:  #223-D: function "GPIOPinWrite" declared implicitly
..\..\Source\App\Src\Main.c(35): error:  #20: identifier "GPIO_PIN_2" is undefined
compiling Music.c...
..\..\Source\App\Src\Music.c(41): warning:  #223-D: function "SysCtlDelay" declared implicitly
..\..\Source\App\Src\Music.c(50): warning:  #223-D: function "SysCtlDelay" declared implicitly
..\..\Source\App\Src\Music.c(57): warning:  #223-D: function "GPIOPinRead" declared implicitly
..\..\Source\App\Src\Music.c(57): error:  #20: identifier "GPIO_PIN_0" is undefined
..\..\Source\App\Src\Music.c(57): error:  #20: identifier "GPIO_PIN_1" is undefined
..\..\Source\App\Src\Music.c(57): error:  #20: identifier "GPIO_PIN_2" is undefined
..\..\Source\App\Src\Music.c(57): error:  #20: identifier "GPIO_PIN_3" is undefined
..\..\Source\App\Src\Music.c(78): warning:  #223-D: function "GPIOPinWrite" declared implicitly
..\..\Source\App\Src\Music.c(78): error:  #20: identifier "GPIO_PIN_2" is undefined
..\..\Source\App\Src\Music.c(97): warning:  #223-D: function "GPIOPinIntClear" declared implicitly
..\..\Source\App\Src\Music.c(98): warning:  #223-D: function "GPIOPinRead" declared implicitly
..\..\Source\App\Src\Music.c(109): warning:  #223-D: function "play" declared implicitly
..\..\Source\App\Src\Music.c(141): error:  #20: identifier "GPIO_PIN_3" is undefined
compiling rit128x96x4.c...
..\..\Source\HAL\Oled\Src\rit128x96x4.c(39): error:  #5: cannot open source input file "debug.h": No such file or directory
compiling Io.c...
..\..\Source\HAL\IO\Src\Io.c(19): warning:  #223-D: function "SysCtlClockSet" declared implicitly
..\..\Source\HAL\IO\Src\Io.c(19): error:  #20: identifier "SYSCTL_SYSDIV_1" is undefined
..\..\Source\HAL\IO\Src\Io.c(19): error:  #20: identifier "SYSCTL_USE_OSC" is undefined
..\..\Source\HAL\IO\Src\Io.c(20): error:  #20: identifier "SYSCTL_XTAL_8MHZ" is undefined
..\..\Source\HAL\IO\Src\Io.c(20): error:  #20: identifier "SYSCTL_OSC_MAIN" is undefined
..\..\Source\HAL\IO\Src\Io.c(22): warning:  #223-D: function "SysCtlPeripheralEnable" declared implicitly
..\..\Source\HAL\IO\Src\Io.c(22): error:  #20: identifier "SYSCTL_PERIPH_GPIOE" is undefined
..\..\Source\HAL\IO\Src\Io.c(24): error:  #20: identifier "SYSCTL_PERIPH_GPIOF" is undefined
..\..\Source\HAL\IO\Src\Io.c(27): warning:  #223-D: function "GPIOPinTypeGPIOInput" declared implicitly
..\..\Source\HAL\IO\Src\Io.c(28): error:  #20: identifier "GPIO_PIN_0" is undefined
..\..\Source\HAL\IO\Src\Io.c(28): error:  #20: identifier "GPIO_PIN_1" is undefined
..\..\Source\HAL\IO\Src\Io.c(28): error:  #20: identifier "GPIO_PIN_2" is undefined
..\..\Source\HAL\IO\Src\Io.c(28): error:  #20: identifier "GPIO_PIN_3" is undefined
..\..\Source\HAL\IO\Src\Io.c(29): warning:  #223-D: function "GPIOPadConfigSet" declared implicitly
..\..\Source\HAL\IO\Src\Io.c(31): error:  #20: identifier "GPIO_STRENGTH_2MA" is undefined
..\..\Source\HAL\IO\Src\Io.c(31): error:  #20: identifier "GPIO_PIN_TYPE_STD_WPU" is undefined
..\..\Source\HAL\IO\Src\Io.c(34): warning:  #223-D: function "GPIODirModeSet" declared implicitly
..\..\Source\HAL\IO\Src\Io.c(34): error:  #20: identifier "GPIO_DIR_MODE_IN" is undefined
..\..\Source\HAL\IO\Src\Io.c(37): warning:  #223-D: function "GPIOPinTypeGPIOOutput" declared implicitly
..\..\Source\HAL\IO\Src\Io.c(40): warning:  #223-D: function "GPIOPinWrite" declared implicitly
..\..\Source\HAL\IO\Src\Io.c(43): error:  #20: identifier "SYSCTL_PERIPH_GPIOG" is undefined
..\..\Source\HAL\IO\Src\Io.c(44): warning:  #223-D: function "GPIOPinTypePWM" declared implicitly
..\..\Source\HAL\IO\Src\Io.c(47): error:  #20: identifier "SYSCTL_PERIPH_PWM" is undefined
..\..\Source\HAL\IO\Src\Io.c(51): warning:  #223-D: function "PWMGenConfigure" declared implicitly
..\..\Source\HAL\IO\Src\Io.c(51): error:  #20: identifier "PWM_GEN_0" is undefined
..\..\Source\HAL\IO\Src\Io.c(52): error:  #20: identifier "PWM_GEN_MODE_DOWN" is undefined
..\..\Source\HAL\IO\Src\Io.c(52): error:  #20: identifier "PWM_GEN_MODE_NO_SYNC" is undefined
..\..\Source\HAL\IO\Src\Io.c(55): warning:  #223-D: function "SysCtlPWMClockSet" declared implicitly
..\..\Source\HAL\IO\Src\Io.c(55): error:  #20: identifier "SYSCTL_PWMDIV_1" is undefined
..\..\Source\HAL\IO\Src\Io.c(58): warning:  #223-D: function "SysCtlClockGet" declared implicitly
..\..\Source\HAL\IO\Src\Io.c(65): warning:  #223-D: function "PWMGenPeriodSet" declared implicitly
..\..\Source\HAL\IO\Src\Io.c(68): warning:  #223-D: function "PWMPulseWidthSet" declared implicitly
..\..\Source\HAL\IO\Src\Io.c(68): error:  #20: identifier "PWM_OUT_1" is undefined
..\..\Source\HAL\IO\Src\Io.c(72): warning:  #223-D: function "PWMGenEnable" declared implicitly
..\..\Source\HAL\IO\Src\Io.c(79): warning:  #223-D: function "SysTickPeriodSet" declared implicitly
..\..\Source\HAL\IO\Src\Io.c(80): warning:  #223-D: function "SysTickEnable" declared implicitly
..\..\Source\HAL\IO\Src\Io.c(81): warning:  #223-D: function "SysTickIntEnable" declared implicitly
..\..\Source\HAL\IO\Src\Io.c(89): warning:  #223-D: function "GPIOPinWrite" declared implicitly
..\..\Source\HAL\IO\Src\Io.c(89): error:  #20: identifier "GPIO_PIN_0" is undefined
..\..\Source\HAL\IO\Src\Io.c(97): warning:  #223-D: function "PWMOutputState" declared implicitly
..\..\Source\HAL\IO\Src\Io.c(97): error:  #20: identifier "PWM_OUT_1_BIT" is undefined
..\..\Source\HAL\IO\Src\Io.c(107): warning:  #223-D: function "SysCtlClockGet" declared implicitly
..\..\Source\HAL\IO\Src\Io.c(113): warning:  #223-D: function "PWMGenPeriodSet" declared implicitly
..\..\Source\HAL\IO\Src\Io.c(113): error:  #20: identifier "PWM_GEN_0" is undefined
..\..\Source\HAL\IO\Src\Io.c(116): warning:  #223-D: function "PWMPulseWidthSet" declared implicitly
..\..\Source\HAL\IO\Src\Io.c(116): error:  #20: identifier "PWM_OUT_1" is undefined
..\..\Source\HAL\IO\Src\Io.c(127): warning:  #223-D: function "SysCtlClockGet" declared implicitly
..\..\Source\HAL\IO\Src\Io.c(133): warning:  #223-D: function "PWMGenPeriodSet" declared implicitly
..\..\Source\HAL\IO\Src\Io.c(133): error:  #20: identifier "PWM_GEN_0" is undefined
..\..\Source\HAL\IO\Src\Io.c(136): warning:  #223-D: function "PWMPulseWidthSet" declared implicitly
..\..\Source\HAL\IO\Src\Io.c(136): error:  #20: identifier "PWM_OUT_1" is undefined
Target not created
Build target 'MusicPlay'
compiling Main.c...
..\..\Source\App\Head\main.h(25): error:  #5: cannot open source input file "adc.h": No such file or directory
compiling Music.c...
..\..\Source\App\Head\main.h(25): error:  #5: cannot open source input file "adc.h": No such file or directory
compiling rit128x96x4.c...
..\..\Source\HAL\Oled\Src\rit128x96x4.c(39): error:  #5: cannot open source input file "debug.h": No such file or directory
compiling Io.c...
..\..\Source\App\Head\main.h(25): error:  #5: cannot open source input file "adc.h": No such file or directory
Target not created
Build target 'MusicPlay'
compiling Main.c...
..\..\Source\App\Head\main.h(25): error:  #5: cannot open source input file "gpio.h": No such file or directory
compiling Music.c...
..\..\Source\App\Head\main.h(25): error:  #5: cannot open source input file "gpio.h": No such file or directory
compiling rit128x96x4.c...
..\..\Source\HAL\Oled\Src\rit128x96x4.c(39): error:  #5: cannot open source input file "debug.h": No such file or directory
compiling Io.c...
..\..\Source\App\Head\main.h(25): error:  #5: cannot open source input file "gpio.h": No such file or directory
Target not created
Build target 'MusicPlay'
compiling Main.c...
..\..\Source\HAL\Oled\Head\rit128x96x4.h(30): error:  #5: cannot open source input file "grlib/grlib.h": No such file or directory
compiling Music.c...
..\..\Source\HAL\Oled\Head\rit128x96x4.h(30): error:  #5: cannot open source input file "grlib/grlib.h": No such file or directory
compiling rit128x96x4.c...
..\..\Source\HAL\Oled\Head\rit128x96x4.h(30): error:  #5: cannot open source input file "grlib/grlib.h": No such file or directory
compiling Io.c...
..\..\Source\HAL\Oled\Head\rit128x96x4.h(30): error:  #5: cannot open source input file "grlib/grlib.h": No such file or directory
Target not created
Build target 'MusicPlay'
compiling Main.c...
..\..\Source\HAL\Oled\Head\rit128x96x4.h(64): error:  #20: identifier "tRectangle" is undefined
..\..\Source\App\Src\Main.c(24): warning:  #223-D: function "io_init" declared implicitly
..\..\Source\App\Src\Main.c(26): warning:  #223-D: function "io_set_led" declared implicitly
..\..\Source\App\Src\Main.c(27): warning:  #223-D: function "io_set_pwm" declared implicitly
..\..\Source\App\Src\Main.c(29): error:  #20: identifier "KEY" is undefined
compiling Music.c...
..\..\Source\HAL\Oled\Head\rit128x96x4.h(64): error:  #20: identifier "tRectangle" is undefined
..\..\Source\App\Src\Music.c(109): warning:  #223-D: function "play" declared implicitly
assembling Startup_rvmdk.s...
compiling rit128x96x4.c...
..\..\Source\HAL\Oled\Head\rit128x96x4.h(64): error:  #20: identifier "tRectangle" is undefined
compiling Io.c...
..\..\Source\HAL\Oled\Head\rit128x96x4.h(64): error:  #20: identifier "tRectangle" is undefined
Target not created
Build target 'MusicPlay'
compiling Main.c...
..\..\Source\App\Src\Main.c(24): warning:  #223-D: function "io_init" declared implicitly
..\..\Source\App\Src\Main.c(26): warning:  #223-D: function "io_set_led" declared implicitly
..\..\Source\App\Src\Main.c(27): warning:  #223-D: function "io_set_pwm" declared implicitly
..\..\Source\App\Src\Main.c(29): error:  #20: identifier "KEY" is undefined
compiling Music.c...
..\..\Source\App\Src\Music.c(109): warning:  #223-D: function "play" declared implicitly
compiling rit128x96x4.c...
..\..\Source\HAL\Oled\Src\rit128x96x4.c(35): error:  #5: cannot open source input file "includes.h": No such file or directory
compiling Io.c...
Target not created
Build target 'MusicPlay'
compiling Main.c...
..\..\Source\App\Src\Main.c(24): warning:  #223-D: function "io_init" declared implicitly
..\..\Source\App\Src\Main.c(26): warning:  #223-D: function "io_set_led" declared implicitly
..\..\Source\App\Src\Main.c(27): warning:  #223-D: function "io_set_pwm" declared implicitly
..\..\Source\App\Src\Main.c(29): error:  #20: identifier "KEY" is undefined
compiling Music.c...
..\..\Source\App\Src\Music.c(109): warning:  #223-D: function "play" declared implicitly
compiling rit128x96x4.c...
..\..\Source\HAL\Oled\Src\rit128x96x4.c(32): error:  #5: cannot open source input file "inc/hw_ssi.h": No such file or directory
compiling Io.c...
Target not created
Build target 'MusicPlay'
compiling Main.c...
..\..\Source\App\Src\Main.c(24): warning:  #223-D: function "io_init" declared implicitly
..\..\Source\App\Src\Main.c(26): warning:  #223-D: function "io_set_led" declared implicitly
..\..\Source\App\Src\Main.c(27): warning:  #223-D: function "io_set_pwm" declared implicitly
..\..\Source\App\Src\Main.c(43): warning:  #223-D: function "MusicPlay" declared implicitly
..\..\Source\App\Src\Main.c(43): error:  #20: identifier "HuaDie" is undefined
..\..\Source\App\Src\Main.c(45): error:  #20: identifier "KeyCode" is undefined
..\..\Source\App\Src\Main.c(49): error:  #20: identifier "choose" is undefined
..\..\Source\App\Src\Main.c(54): error:  #20: identifier "choose" is undefined
..\..\Source\App\Src\Main.c(58): error:  #20: identifier "choose" is undefined
..\..\Source\App\Src\Main.c(70): error:  #20: identifier "Kexi" is undefined
..\..\Source\App\Src\Main.c(77): error:  #20: identifier "LittleStar" is undefined
..\..\Source\App\Src\Main.c(84): error:  #20: identifier "Longlongago" is undefined
..\..\Source\App\Src\Main.c(92): warning:  #223-D: function "Display" declared implicitly
compiling rit128x96x4.c...
..\..\Source\HAL\Oled\Src\rit128x96x4.c(32): error:  #5: cannot open source input file "inc/hw_ssi.h": No such file or directory
Target not created
Build target 'MusicPlay'
compiling Main.c...
..\..\Source\App\Src\Main.c(24): warning:  #223-D: function "io_init" declared implicitly
..\..\Source\App\Src\Main.c(26): warning:  #223-D: function "io_set_led" declared implicitly
..\..\Source\App\Src\Main.c(27): warning:  #223-D: function "io_set_pwm" declared implicitly
..\..\Source\App\Src\Main.c(43): warning:  #223-D: function "MusicPlay" declared implicitly
..\..\Source\App\Src\Main.c(43): error:  #20: identifier "HuaDie" is undefined
..\..\Source\App\Src\Main.c(45): error:  #20: identifier "KeyCode" is undefined
..\..\Source\App\Src\Main.c(49): error:  #20: identifier "choose" is undefined
..\..\Source\App\Src\Main.c(54): error:  #20: identifier "choose" is undefined
..\..\Source\App\Src\Main.c(58): error:  #20: identifier "choose" is undefined
..\..\Source\App\Src\Main.c(70): error:  #20: identifier "Kexi" is undefined
..\..\Source\App\Src\Main.c(77): error:  #20: identifier "LittleStar" is undefined
..\..\Source\App\Src\Main.c(84): error:  #20: identifier "Longlongago" is undefined
..\..\Source\App\Src\Main.c(92): warning:  #223-D: function "Display" declared implicitly
compiling Music.c...
..\..\Source\App\Src\Music.c(109): warning:  #223-D: function "play" declared implicitly
compiling KeyScan.c...
..\..\Source\HAL\Key\Head\KeyScan.h(6): warning:  #1295-D: Deprecated declaration KeyScan - give arg types
compiling rit128x96x4.c...
..\..\Source\HAL\Oled\Src\rit128x96x4.c(32): error:  #5: cannot open source input file "inc/hw_ssi.h": No such file or directory
compiling Io.c...
Target not created
Build target 'MusicPlay'
compiling Main.c...
..\..\Source\App\Src\Main.c(24): warning:  #223-D: function "io_init" declared implicitly
..\..\Source\App\Src\Main.c(26): warning:  #223-D: function "io_set_led" declared implicitly
..\..\Source\App\Src\Main.c(27): warning:  #223-D: function "io_set_pwm" declared implicitly
..\..\Source\App\Src\Main.c(43): warning:  #223-D: function "MusicPlay" declared implicitly
..\..\Source\App\Src\Main.c(45): error:  #20: identifier "KeyCode" is undefined
..\..\Source\App\Src\Main.c(49): error:  #20: identifier "choose" is undefined
..\..\Source\App\Src\Main.c(54): error:  #20: identifier "choose" is undefined
..\..\Source\App\Src\Main.c(58): error:  #20: identifier "choose" is undefined
..\..\Source\App\Src\Main.c(84): error:  #20: identifier "Longlongago" is undefined
..\..\Source\App\Src\Main.c(92): warning:  #223-D: function "Display" declared implicitly
compiling Music.c...
..\..\Source\App\Src\Music.c(109): warning:  #223-D: function "play" declared implicitly
compiling KeyScan.c...
..\..\Source\HAL\Key\Head\KeyScan.h(6): warning:  #1295-D: Deprecated declaration KeyScan - give arg types
compiling rit128x96x4.c...
..\..\Source\HAL\Oled\Src\rit128x96x4.c(32): error:  #5: cannot open source input file "inc/hw_ssi.h": No such file or directory
compiling Io.c...
Target not created
Build target 'MusicPlay'
compiling Main.c...
..\..\Source\App\Src\Main.c(24): warning:  #223-D: function "io_init" declared implicitly
..\..\Source\App\Src\Main.c(26): warning:  #223-D: function "io_set_led" declared implicitly
..\..\Source\App\Src\Main.c(27): warning:  #223-D: function "io_set_pwm" declared implicitly
..\..\Source\App\Src\Main.c(43): warning:  #223-D: function "MusicPlay" declared implicitly
..\..\Source\App\Src\Main.c(45): error:  #20: identifier "KeyCode" is undefined
..\..\Source\App\Src\Main.c(49): error:  #20: identifier "choose" is undefined
..\..\Source\App\Src\Main.c(54): error:  #20: identifier "choose" is undefined
..\..\Source\App\Src\Main.c(58): error:  #20: identifier "choose" is undefined
..\..\Source\App\Src\Main.c(84): error:  #20: identifier "Longlongago" is undefined
..\..\Source\App\Src\Main.c(92): warning:  #223-D: function "Display" declared implicitly
compiling rit128x96x4.c...
Target not created
Build target 'MusicPlay'
compiling Main.c...
..\..\Source\App\Src\Main.c(27): warning:  #223-D: function "io_init" declared implicitly
..\..\Source\App\Src\Main.c(29): warning:  #223-D: function "io_set_led" declared implicitly
..\..\Source\App\Src\Main.c(30): warning:  #223-D: function "io_set_pwm" declared implicitly
..\..\Source\App\Src\Main.c(46): warning:  #223-D: function "MusicPlay" declared implicitly
..\..\Source\App\Src\Main.c(52): error:  #20: identifier "choose" is undefined
..\..\Source\App\Src\Main.c(57): error:  #20: identifier "choose" is undefined
..\..\Source\App\Src\Main.c(61): error:  #20: identifier "choose" is undefined
..\..\Source\App\Src\Main.c(87): error:  #20: identifier "Longlongago" is undefined
..\..\Source\App\Src\Main.c(95): warning:  #223-D: function "Display" declared implicitly
compiling Music.c...
Target not created
Build target 'MusicPlay'
compiling Main.c...
..\..\Source\App\Src\Main.c(27): warning:  #223-D: function "io_init" declared implicitly
..\..\Source\App\Src\Main.c(29): warning:  #223-D: function "io_set_led" declared implicitly
..\..\Source\App\Src\Main.c(30): warning:  #223-D: function "io_set_pwm" declared implicitly
..\..\Source\App\Src\Main.c(46): warning:  #223-D: function "MusicPlay" declared implicitly
..\..\Source\App\Src\Main.c(95): warning:  #223-D: function "Display" declared implicitly
linking...
..\..\Output\MusicPlay.axf: Error: L6200E: Symbol HuaDie multiply defined (by music.o and main.o).
..\..\Output\MusicPlay.axf: Error: L6200E: Symbol HuaDie multiply defined (by io.o and main.o).
..\..\Output\MusicPlay.axf: Error: L6200E: Symbol Kexi multiply defined (by music.o and main.o).
..\..\Output\MusicPlay.axf: Error: L6200E: Symbol Kexi multiply defined (by io.o and main.o).
..\..\Output\MusicPlay.axf: Error: L6200E: Symbol LittleStar multiply defined (by music.o and main.o).
..\..\Output\MusicPlay.axf: Error: L6200E: Symbol LittleStar multiply defined (by io.o and main.o).
..\..\Output\MusicPlay.axf: Error: L6200E: Symbol LongLongAgo multiply defined (by music.o and main.o).
..\..\Output\MusicPlay.axf: Error: L6200E: Symbol LongLongAgo multiply defined (by io.o and main.o).
Target not created
Build target 'MusicPlay'
compiling Main.c...
..\..\Source\App\Src\Main.c(44): warning:  #223-D: function "io_pwm_freq" declared implicitly
..\..\Source\App\Src\Main.c(45): warning:  #223-D: function "io_set_pwm" declared implicitly
..\..\Source\App\Src\Main.c(46): warning:  #223-D: function "io_set_led" declared implicitly
..\..\Source\App\Src\Main.c(163): warning:  #223-D: function "io_init" declared implicitly
..\..\Source\App\Src\Main.c(165): warning:  #223-D: function "io_set_led" declared implicitly
..\..\Source\App\Src\Main.c(166): warning:  #223-D: function "io_set_pwm" declared implicitly
compiling Music.c...
assembling Startup_rvmdk.s...
compiling rit128x96x4.c...
compiling Io.c...
linking...
..\..\Output\MusicPlay.axf: Error: L6200E: Symbol HuaDie multiply defined (by music.o and main.o).
..\..\Output\MusicPlay.axf: Error: L6200E: Symbol HuaDie multiply defined (by io.o and main.o).
..\..\Output\MusicPlay.axf: Error: L6200E: Symbol Kexi multiply defined (by music.o and main.o).
..\..\Output\MusicPlay.axf: Error: L6200E: Symbol Kexi multiply defined (by io.o and main.o).
..\..\Output\MusicPlay.axf: Error: L6200E: Symbol LittleStar multiply defined (by music.o and main.o).
..\..\Output\MusicPlay.axf: Error: L6200E: Symbol LittleStar multiply defined (by io.o and main.o).
..\..\Output\MusicPlay.axf: Error: L6200E: Symbol LongLongAgo multiply defined (by music.o and main.o).
..\..\Output\MusicPlay.axf: Error: L6200E: Symbol LongLongAgo multiply defined (by io.o and main.o).
..\..\Output\MusicPlay.axf: Error: L6200E: Symbol choose multiply defined (by music.o and main.o).
..\..\Output\MusicPlay.axf: Error: L6200E: Symbol Buttons multiply defined (by music.o and main.o).
..\..\Output\MusicPlay.axf: Error: L6200E: Symbol KeyCode multiply defined (by music.o and main.o).
..\..\Output\MusicPlay.axf: Error: L6200E: Symbol MusicPlay multiply defined (by music.o and main.o).
..\..\Output\MusicPlay.axf: Error: L6200E: Symbol SysTickHandler multiply defined (by music.o and main.o).
..\..\Output\MusicPlay.axf: Error: L6200E: Symbol delay multiply defined (by music.o and main.o).
..\..\Output\MusicPlay.axf: Error: L6200E: Symbol Play multiply defined (by music.o and main.o).
..\..\Output\MusicPlay.axf: Error: L6200E: Symbol GPIO_PORT_E_ISR multiply defined (by music.o and main.o).
..\..\Output\MusicPlay.axf: Error: L6200E: Symbol Display multiply defined (by music.o and main.o).
Target not created
Build target 'MusicPlay'
compiling Main.c...
..\..\Source\App\Src\Main.c(44): warning:  #223-D: function "io_pwm_freq" declared implicitly
..\..\Source\App\Src\Main.c(45): warning:  #223-D: function "io_set_pwm" declared implicitly
..\..\Source\App\Src\Main.c(46): warning:  #223-D: function "io_set_led" declared implicitly
..\..\Source\App\Src\Main.c(163): warning:  #223-D: function "io_init" declared implicitly
..\..\Source\App\Src\Main.c(165): warning:  #223-D: function "io_set_led" declared implicitly
..\..\Source\App\Src\Main.c(166): warning:  #223-D: function "io_set_pwm" declared implicitly
assembling Startup_rvmdk.s...
compiling rit128x96x4.c...
compiling Io.c...
linking...
..\..\Output\MusicPlay.axf: Error: L6200E: Symbol HuaDie multiply defined (by io.o and main.o).
..\..\Output\MusicPlay.axf: Error: L6200E: Symbol Kexi multiply defined (by io.o and main.o).
..\..\Output\MusicPlay.axf: Error: L6200E: Symbol LittleStar multiply defined (by io.o and main.o).
..\..\Output\MusicPlay.axf: Error: L6200E: Symbol LongLongAgo multiply defined (by io.o and main.o).
Target not created
Build target 'MusicPlay'
compiling Main.c...
..\..\Source\App\Src\Main.c(44): warning:  #223-D: function "io_pwm_freq" declared implicitly
..\..\Source\App\Src\Main.c(45): warning:  #223-D: function "io_set_pwm" declared implicitly
..\..\Source\App\Src\Main.c(46): warning:  #223-D: function "io_set_led" declared implicitly
..\..\Source\App\Src\Main.c(163): warning:  #223-D: function "io_init" declared implicitly
..\..\Source\App\Src\Main.c(165): warning:  #223-D: function "io_set_led" declared implicitly
..\..\Source\App\Src\Main.c(166): warning:  #223-D: function "io_set_pwm" declared implicitly
assembling Startup_rvmdk.s...
compiling rit128x96x4.c...
compiling Io.c...
..\..\Source\HAL\IO\Head\io.h(23): error:  #20: identifier "tBoolean" is undefined
..\..\Source\HAL\IO\Head\io.h(24): error:  #20: identifier "tBoolean" is undefined
..\..\Source\HAL\IO\Src\Io.c(31): warning:  #223-D: function "SysCtlClockSet" declared implicitly
..\..\Source\HAL\IO\Src\Io.c(31): error:  #20: identifier "SYSCTL_SYSDIV_1" is undefined
..\..\Source\HAL\IO\Src\Io.c(31): error:  #20: identifier "SYSCTL_USE_OSC" is undefined
..\..\Source\HAL\IO\Src\Io.c(32): error:  #20: identifier "SYSCTL_XTAL_8MHZ" is undefined
..\..\Source\HAL\IO\Src\Io.c(32): error:  #20: identifier "SYSCTL_OSC_MAIN" is undefined
..\..\Source\HAL\IO\Src\Io.c(34): warning:  #223-D: function "SysCtlPeripheralEnable" declared implicitly
..\..\Source\HAL\IO\Src\Io.c(34): error:  #20: identifier "SYSCTL_PERIPH_GPIOE" is undefined
..\..\Source\HAL\IO\Src\Io.c(36): error:  #20: identifier "SYSCTL_PERIPH_GPIOF" is undefined
..\..\Source\HAL\IO\Src\Io.c(39): warning:  #223-D: function "GPIOPinTypeGPIOInput" declared implicitly
..\..\Source\HAL\IO\Src\Io.c(39): error:  #20: identifier "GPIO_PORTE_BASE" is undefined
..\..\Source\HAL\IO\Src\Io.c(40): error:  #20: identifier "GPIO_PIN_0" is undefined
..\..\Source\HAL\IO\Src\Io.c(40): error:  #20: identifier "GPIO_PIN_1" is undefined
..\..\Source\HAL\IO\Src\Io.c(40): error:  #20: identifier "GPIO_PIN_2" is undefined
..\..\Source\HAL\IO\Src\Io.c(40): error:  #20: identifier "GPIO_PIN_3" is undefined
..\..\Source\HAL\IO\Src\Io.c(41): warning:  #223-D: function "GPIOPadConfigSet" declared implicitly
..\..\Source\HAL\IO\Src\Io.c(43): error:  #20: identifier "GPIO_STRENGTH_2MA" is undefined
..\..\Source\HAL\IO\Src\Io.c(43): error:  #20: identifier "GPIO_PIN_TYPE_STD_WPU" is undefined
..\..\Source\HAL\IO\Src\Io.c(46): warning:  #223-D: function "GPIODirModeSet" declared implicitly
..\..\Source\HAL\IO\Src\Io.c(46): error:  #20: identifier "GPIO_DIR_MODE_IN" is undefined
..\..\Source\HAL\IO\Src\Io.c(49): warning:  #223-D: function "GPIOPinTypeGPIOOutput" declared implicitly
..\..\Source\HAL\IO\Src\Io.c(49): error:  #20: identifier "GPIO_PORTF_BASE" is undefined
..\..\Source\HAL\IO\Src\Io.c(52): warning:  #223-D: function "GPIOPinWrite" declared implicitly
..\..\Source\HAL\IO\Src\Io.c(55): error:  #20: identifier "SYSCTL_PERIPH_GPIOG" is undefined
..\..\Source\HAL\IO\Src\Io.c(56): warning:  #223-D: function "GPIOPinTypePWM" declared implicitly
..\..\Source\HAL\IO\Src\Io.c(56): error:  #20: identifier "GPIO_PORTG_BASE" is undefined
..\..\Source\HAL\IO\Src\Io.c(59): error:  #20: identifier "SYSCTL_PERIPH_PWM" is undefined
..\..\Source\HAL\IO\Src\Io.c(63): warning:  #223-D: function "PWMGenConfigure" declared implicitly
..\..\Source\HAL\IO\Src\Io.c(63): error:  #20: identifier "PWM_BASE" is undefined
..\..\Source\HAL\IO\Src\Io.c(63): error:  #20: identifier "PWM_GEN_0" is undefined
..\..\Source\HAL\IO\Src\Io.c(64): error:  #20: identifier "PWM_GEN_MODE_DOWN" is undefined
..\..\Source\HAL\IO\Src\Io.c(64): error:  #20: identifier "PWM_GEN_MODE_NO_SYNC" is undefined
..\..\Source\HAL\IO\Src\Io.c(67): warning:  #223-D: function "SysCtlPWMClockSet" declared implicitly
..\..\Source\HAL\IO\Src\Io.c(67): error:  #20: identifier "SYSCTL_PWMDIV_1" is undefined
..\..\Source\HAL\IO\Src\Io.c(70): warning:  #223-D: function "SysCtlClockGet" declared implicitly
..\..\Source\HAL\IO\Src\Io.c(77): warning:  #223-D: function "PWMGenPeriodSet" declared implicitly
..\..\Source\HAL\IO\Src\Io.c(80): warning:  #223-D: function "PWMPulseWidthSet" declared implicitly
..\..\Source\HAL\IO\Src\Io.c(80): error:  #20: identifier "PWM_OUT_1" is undefined
..\..\Source\HAL\IO\Src\Io.c(84): warning:  #223-D: function "PWMGenEnable" declared implicitly
..\..\Source\HAL\IO\Src\Io.c(87): warning:  #223-D: function "RIT128x96x4Init" declared implicitly
..\..\Source\HAL\IO\Src\Io.c(88): warning:  #223-D: function "RIT128x96x4Clear" declared implicitly
..\..\Source\HAL\IO\Src\Io.c(91): warning:  #223-D: function "SysTickPeriodSet" declared implicitly
..\..\Source\HAL\IO\Src\Io.c(92): warning:  #223-D: function "SysTickEnable" declared implicitly
..\..\Source\HAL\IO\Src\Io.c(93): warning:  #223-D: function "SysTickIntEnable" declared implicitly
..\..\Source\HAL\IO\Src\Io.c(98): error:  #20: identifier "tBoolean" is undefined
..\..\Source\HAL\IO\Src\Io.c(101): warning:  #223-D: function "GPIOPinWrite" declared implicitly
..\..\Source\HAL\IO\Src\Io.c(101): error:  #20: identifier "GPIO_PORTF_BASE" is undefined
..\..\Source\HAL\IO\Src\Io.c(101): error:  #20: identifier "GPIO_PIN_0" is undefined
..\..\Source\HAL\IO\Src\Io.c(106): error:  #20: identifier "tBoolean" is undefined
Target not created
Build target 'MusicPlay'
compiling Io.c...
..\..\Source\HAL\IO\Src\Io.c(94): warning:  #223-D: function "RIT128x96x4Init" declared implicitly
..\..\Source\HAL\IO\Src\Io.c(95): warning:  #223-D: function "RIT128x96x4Clear" declared implicitly
..\..\Source\HAL\IO\Src\Io.c(98): warning:  #223-D: function "SysTickPeriodSet" declared implicitly
..\..\Source\HAL\IO\Src\Io.c(99): warning:  #223-D: function "SysTickEnable" declared implicitly
..\..\Source\HAL\IO\Src\Io.c(100): warning:  #223-D: function "SysTickIntEnable" declared implicitly
linking...
Program Size: Code=4804 RO-data=1232 RW-data=24 ZI-data=608  
FromELF: creating hex file...
"..\..\Output\MusicPlay.axf" - 0 Error(s), 5 Warning(s).
Load "..\\..\\Output\\MusicPlay.AXF" 
Connecting: Mode=JTAG, Speed=1000000Hz
Erase Done.
Programming Done.
Verify OK.
Build target 'MusicPlay'
compiling Main.c...
..\..\Source\App\Src\Main.c(46): warning:  #223-D: function "io_pwm_freq" declared implicitly
..\..\Source\App\Src\Main.c(47): warning:  #223-D: function "io_set_pwm" declared implicitly
..\..\Source\App\Src\Main.c(48): warning:  #223-D: function "io_set_led" declared implicitly
..\..\Source\App\Src\Main.c(162): warning:  #223-D: function "io_init" declared implicitly
..\..\Source\App\Src\Main.c(164): warning:  #223-D: function "io_set_led" declared implicitly
..\..\Source\App\Src\Main.c(165): warning:  #223-D: function "io_set_pwm" declared implicitly
assembling Startup_rvmdk.s...
compiling rit128x96x4.c...
compiling Io.c...
..\..\Source\HAL\IO\Src\Io.c(94): warning:  #223-D: function "RIT128x96x4Init" declared implicitly
..\..\Source\HAL\IO\Src\Io.c(95): warning:  #223-D: function "RIT128x96x4Clear" declared implicitly
..\..\Source\HAL\IO\Src\Io.c(98): warning:  #223-D: function "SysTickPeriodSet" declared implicitly
..\..\Source\HAL\IO\Src\Io.c(99): warning:  #223-D: function "SysTickEnable" declared implicitly
..\..\Source\HAL\IO\Src\Io.c(100): warning:  #223-D: function "SysTickIntEnable" declared implicitly
linking...
Program Size: Code=4628 RO-data=1232 RW-data=24 ZI-data=608  
FromELF: creating hex file...
"..\..\Output\MusicPlay.axf" - 0 Error(s), 11 Warning(s).
Load "..\\..\\Output\\MusicPlay.AXF" 
Connecting: Mode=JTAG, Speed=1000000Hz
Erase Done.
Programming Done.
Verify OK.
